<html>
<body>
<pre>
<h1>µVision Build Log</h1>
<h2>Tool Versions:</h2>
IDE-Version: ¦ÌVision V5.26.2.0
Copyright (C) 2018 ARM Ltd and ARM Germany GmbH. All rights reserved.
License Information: 123 Administrator 123 Flex license: MDK-ARM Essential: 1 user(s) (mdk_essential) Support: Jan 2019
 
Tool Versions:
Toolchain:       MDK-ARM Essential: 1 user(s)  Version: 5.26.2.0
Toolchain Path:  D:\Keil_v5\ARM\ARMCC\Bin
C Compiler:      Armcc.exe V5.06 update 6 (build 750)
Assembler:       Armasm.exe V5.06 update 6 (build 750)
Linker/Locator:  ArmLink.exe V5.06 update 6 (build 750)
Library Manager: ArmAr.exe V5.06 update 6 (build 750)
Hex Converter:   FromElf.exe V5.06 update 6 (build 750)
CPU DLL:         SARMCM3.DLL V5.26.2.0
Dialog DLL:      DCM.DLL V1.17.2.0
Target DLL:      Segger\JL2CM3.dll V2.99.31.0
Dialog DLL:      TCM.DLL V1.36.1.0
 
<h2>Project:</h2>
C:\Users\liukai\Desktop\timer\PROJECT\timer.uvprojx
Project File Date:  02/01/2021

<h2>Output:</h2>
*** Using Compiler 'V5.06 update 6 (build 750)', folder: 'D:\Keil_v5\ARM\ARMCC\Bin'
Rebuild target 'timer'
assembling startup_gw1ns4c.s...
compiling gw1ns4c_rtc.c...
compiling system_gw1ns4c.c...
compiling gw1ns4c_i2c.c...
compiling gw1ns4c_misc.c...
compiling gw1ns4c_gpio.c...
compiling gw1ns4c_spi.c...
compiling core_cm3.c...
compiling gw1ns4c_wdog.c...
compiling gw1ns4c_timer.c...
compiling gw1ns4c_uart.c...
compiling gw1ns4c_syscon.c...
compiling main.c...
compiling gw1ns4c_it.c...
compiling retarget.c...
linking...
Program Size: Code=1860 RO-data=224 RW-data=32 ZI-data=1632  
After Build - User command #1: D:\Keil_v5\ARM\ARMCC\bin\fromelf.exe --bin -o timer.bin .\Objects\timer.axf
".\Objects\timer.axf" - 0 Error(s), 0 Warning(s).

<h2>Software Packages used:</h2>

Package Vendor: ARM
                http://www.keil.com/pack/ARM.CMSIS.5.6.0.pack
                ARM.CMSIS.5.6.0
                CMSIS (Cortex Microcontroller Software Interface Standard)

<h2>Collection of Component include folders:</h2>
  .\RTE\_timer
  D:\Keil_v5\ARM\PACK\ARM\CMSIS\5.6.0\Device\ARM\ARMCM3\Include

<h2>Collection of Component Files used:</h2>
Build Time Elapsed:  00:00:01
</pre>
</body>
</html>
